../Drivers/CMSIS/Include/core_cm4.h:2064:26:ITM_SendChar	16	static,ignoring_inline_asm
../Core/Src/main.c:81:5:process_amplitude	24	static
../Core/Src/main.c:102:6:HAL_TIM_PWM_PulseFinishedCallback	16	static
../Core/Src/main.c:111:6:Set_LED	24	static
../Core/Src/main.c:121:6:Set_Brightness	40	static
../Core/Src/main.c:143:6:WS2812_Send	32	static
../Core/Src/main.c:185:6:Reset_LED	16	static
../Core/Src/main.c:201:9:rainbow_effect_left	32	static
../Core/Src/main.c:238:9:rainbow_effect_right	32	static
../Core/Src/main.c:272:10:getLedIndex	16	static
../Core/Src/main.c:279:6:shiftLeft	16	static
../Core/Src/main.c:288:6:insertAmplitudeColumn	24	static
../Core/Src/main.c:304:6:updateLEDs	24	static
../Core/Src/main.c:325:5:main	8	static
../Core/Src/main.c:420:6:SystemClock_Config	88	static
../Core/Src/main.c:467:13:MX_CRC_Init	8	static
../Core/Src/main.c:494:13:MX_I2S2_Init	8	static
../Core/Src/main.c:528:13:MX_TIM1_Init	96	static
../Core/Src/main.c:601:13:MX_DMA_Init	16	static
../Core/Src/main.c:623:13:MX_GPIO_Init	56	static
../Core/Src/main.c:754:5:_write	32	static
../Core/Src/main.c:765:6:HAL_I2S_RxHalfCpltCallback	16	static
../Core/Src/main.c:775:6:HAL_I2S_RxCpltCallback	16	static
../Core/Src/main.c:793:6:Error_Handler	4	static,ignoring_inline_asm
